node.exe : Browserslist: browsers data (caniuse-lite) is 11 months old. Please run:
At line:1 char:1
+ & "C:\Program Files\nodejs/node.exe" "C:\Program Files\nodejs/node_mo ...
+ ~~~~~~~~~~~~~~~~~~~~~~~~~~~~~~~~~~~~~~~~~~~~~~~~~~~~~~~~~~~~~~~~~~~~~
    + CategoryInfo          : NotSpecified: (Browserslist: b...ld. Please run::String) [], RemoteException
    + FullyQualifiedErrorId : NativeCommandError
 
  npx update-browserslist-db@latest
  Why you should do it regularly: https://github.com/browserslist/update-db#readme
[31mx[39m Build failed in 2.74s
[31merror during build:
[31m[vite:esbuild] Transform failed with 4 errors:
C:/Users/jahan/Downloads/user-portal-main (5)/user-portal-main/src/pages/ForgotPassword.tsx:306:16: ERROR: Unexpected 
closing fragment tag does not match opening "form" tag
C:/Users/jahan/Downloads/user-portal-main (5)/user-portal-main/src/pages/ForgotPassword.tsx:307:13: ERROR: The 
character "}" is not valid inside a JSX element
C:/Users/jahan/Downloads/user-portal-main (5)/user-portal-main/src/pages/ForgotPassword.tsx:316:12: ERROR: Unexpected 
closing "div" tag does not match opening fragment tag
C:/Users/jahan/Downloads/user-portal-main (5)/user-portal-main/src/pages/ForgotPassword.tsx:318:10: ERROR: Expected 
")" but found "{"[31m
file: [36mC:/Users/jahan/Downloads/user-portal-main (5)/user-portal-main/src/pages/ForgotPassword.tsx:306:16[31m
[33m
[33mUnexpected closing fragment tag does not match opening "form" tag[33m
304|                    </button>
305|                  </div>
306|                </>
   |                  ^
307|              )}
308|  

[33mThe character "}" is not valid inside a JSX element[33m
305|                  </div>
306|                </>
307|              )}
   |               ^
308|  
309|              <Link

[33mUnexpected closing "div" tag does not match opening fragment tag[33m
314|                Back to Login
315|              </Link>
316|            </div>
   |              ^
317|  
318|            {/* Footer inside green area */}

[33mExpected ")" but found "{"[33m
316|            </div>
317|  
318|            {/* Footer inside green area */}
   |            ^
319|            <p className="text-center mt-8 text-xs text-muted-foreground">
320|              ┬⌐ 2024 FixHunger AI-Powered Logistics. All rights reserved.<br />
[31m
    at failureErrorWithLog (C:\Users\jahan\Downloads\user-portal-main 
(5)\user-portal-main\node_modules\esbuild\lib\main.js:1472:15)
    at C:\Users\jahan\Downloads\user-portal-main (5)\user-portal-main\node_modules\esbuild\lib\main.js:755:50
    at responseCallbacks.<computed> (C:\Users\jahan\Downloads\user-portal-main 
(5)\user-portal-main\node_modules\esbuild\lib\main.js:622:9)
    at handleIncomingPacket (C:\Users\jahan\Downloads\user-portal-main 
(5)\user-portal-main\node_modules\esbuild\lib\main.js:677:12)
    at Socket.readFromStdout (C:\Users\jahan\Downloads\user-portal-main 
(5)\user-portal-main\node_modules\esbuild\lib\main.js:600:7)
    at Socket.emit (node:events:508:28)
    at addChunk (node:internal/streams/readable:563:12)
    at readableAddChunkPushByteMode (node:internal/streams/readable:514:3)
    at Readable.push (node:internal/streams/readable:394:5)
    at Pipe.onStreamRead (node:internal/stream_base_commons:189:23)[39m
